// Jest Snapshot v1, https://goo.gl/fbAQLP

exports[`App should match snapshot 1`] = `
<div
  className="container"
>
  <header>
    Little Birdy
  </header>
  <section>
    <ul>
      <li
        className="providerList-item"
      >
        <a
          href="#"
        >
          heroku
        </a>
      </li>
      <li
        className="providerList-item"
      >
        <a
          href="#"
        >
          heroku
        </a>
      </li>
      <li
        className="providerList-item"
      >
        <a
          href="#"
        >
          heroku
        </a>
      </li>
    </ul>
  </section>
  <footer>
    Sync
  </footer>
</div>
`;
