// Jest Snapshot v1, https://goo.gl/fbAQLP

exports[`FeedList should match snapshot 1`] = `
<section>
  <ul>
    <li
      className="providerList-item"
    >
      <a
        href="https://www.harveststatus.com"
      >
        Harvest
      </a>
    </li>
    <li
      className="providerList-item"
    >
      <a
        href="https://status.freshbooks.com"
      >
        Freshbooks
      </a>
    </li>
    <li
      className="providerList-item"
    >
      <a
        href="https://status.npmjs.org"
      >
        Npm
      </a>
    </li>
    <li
      className="providerList-item"
    >
      <a
        href="https://www.githubstatus.com"
      >
        GitHub
      </a>
    </li>
  </ul>
</section>
`;
